Archive member included to satisfy reference by file (symbol)

d:/embedded/gcc-arm-none-eabi/bin/../lib/gcc/arm-none-eabi/10.3.1/thumb/v7e-m/nofp\libgcc.a(_aeabi_uldivmod.o)
                              CMakeFiles/gui_demo.elf.dir/Drivers/STM32F4xx_HAL_Driver/Src/stm32f4xx_hal_rcc.c.obj (__aeabi_uldivmod)
d:/embedded/gcc-arm-none-eabi/bin/../lib/gcc/arm-none-eabi/10.3.1/thumb/v7e-m/nofp\libgcc.a(_udivmoddi4.o)
                              d:/embedded/gcc-arm-none-eabi/bin/../lib/gcc/arm-none-eabi/10.3.1/thumb/v7e-m/nofp\libgcc.a(_aeabi_uldivmod.o) (__udivmoddi4)
d:/embedded/gcc-arm-none-eabi/bin/../lib/gcc/arm-none-eabi/10.3.1/thumb/v7e-m/nofp\libgcc.a(_dvmd_tls.o)
                              d:/embedded/gcc-arm-none-eabi/bin/../lib/gcc/arm-none-eabi/10.3.1/thumb/v7e-m/nofp\libgcc.a(_aeabi_uldivmod.o) (__aeabi_ldiv0)
d:/embedded/gcc-arm-none-eabi/bin/../lib/gcc/arm-none-eabi/10.3.1/../../../../arm-none-eabi/lib/thumb/v7e-m/nofp\libg.a(lib_a-errno.o)
                              CMakeFiles/gui_demo.elf.dir/Src/syscalls.c.obj (__errno)
d:/embedded/gcc-arm-none-eabi/bin/../lib/gcc/arm-none-eabi/10.3.1/../../../../arm-none-eabi/lib/thumb/v7e-m/nofp\libg.a(lib_a-exit.o)
                              d:/embedded/gcc-arm-none-eabi/bin/../lib/gcc/arm-none-eabi/10.3.1/../../../../arm-none-eabi/lib/thumb/v7e-m/nofp/crt0.o (exit)
d:/embedded/gcc-arm-none-eabi/bin/../lib/gcc/arm-none-eabi/10.3.1/../../../../arm-none-eabi/lib/thumb/v7e-m/nofp\libg.a(lib_a-impure.o)
                              d:/embedded/gcc-arm-none-eabi/bin/../lib/gcc/arm-none-eabi/10.3.1/../../../../arm-none-eabi/lib/thumb/v7e-m/nofp\libg.a(lib_a-exit.o) (_global_impure_ptr)
d:/embedded/gcc-arm-none-eabi/bin/../lib/gcc/arm-none-eabi/10.3.1/../../../../arm-none-eabi/lib/thumb/v7e-m/nofp\libg.a(lib_a-init.o)
                              d:/embedded/gcc-arm-none-eabi/bin/../lib/gcc/arm-none-eabi/10.3.1/../../../../arm-none-eabi/lib/thumb/v7e-m/nofp/crt0.o (__libc_init_array)
d:/embedded/gcc-arm-none-eabi/bin/../lib/gcc/arm-none-eabi/10.3.1/../../../../arm-none-eabi/lib/thumb/v7e-m/nofp\libg.a(lib_a-memset.o)
                              d:/embedded/gcc-arm-none-eabi/bin/../lib/gcc/arm-none-eabi/10.3.1/../../../../arm-none-eabi/lib/thumb/v7e-m/nofp/crt0.o (memset)
d:/embedded/gcc-arm-none-eabi/bin/../lib/gcc/arm-none-eabi/10.3.1/../../../../arm-none-eabi/lib/thumb/v7e-m/nofp\libg.a(lib_a-__call_atexit.o)
                              d:/embedded/gcc-arm-none-eabi/bin/../lib/gcc/arm-none-eabi/10.3.1/../../../../arm-none-eabi/lib/thumb/v7e-m/nofp\libg.a(lib_a-exit.o) (__call_exitprocs)
d:/embedded/gcc-arm-none-eabi/bin/../lib/gcc/arm-none-eabi/10.3.1/../../../../arm-none-eabi/lib/thumb/v7e-m/nofp\libg.a(lib_a-atexit.o)
                              d:/embedded/gcc-arm-none-eabi/bin/../lib/gcc/arm-none-eabi/10.3.1/../../../../arm-none-eabi/lib/thumb/v7e-m/nofp\libg.a(lib_a-__call_atexit.o) (atexit)
d:/embedded/gcc-arm-none-eabi/bin/../lib/gcc/arm-none-eabi/10.3.1/../../../../arm-none-eabi/lib/thumb/v7e-m/nofp\libg.a(lib_a-fini.o)
                              d:/embedded/gcc-arm-none-eabi/bin/../lib/gcc/arm-none-eabi/10.3.1/../../../../arm-none-eabi/lib/thumb/v7e-m/nofp\libg.a(lib_a-__call_atexit.o) (__libc_fini_array)
d:/embedded/gcc-arm-none-eabi/bin/../lib/gcc/arm-none-eabi/10.3.1/../../../../arm-none-eabi/lib/thumb/v7e-m/nofp\libg.a(lib_a-lock.o)
                              d:/embedded/gcc-arm-none-eabi/bin/../lib/gcc/arm-none-eabi/10.3.1/../../../../arm-none-eabi/lib/thumb/v7e-m/nofp\libg.a(lib_a-__call_atexit.o) (__retarget_lock_acquire_recursive)
d:/embedded/gcc-arm-none-eabi/bin/../lib/gcc/arm-none-eabi/10.3.1/../../../../arm-none-eabi/lib/thumb/v7e-m/nofp\libg.a(lib_a-__atexit.o)
                              d:/embedded/gcc-arm-none-eabi/bin/../lib/gcc/arm-none-eabi/10.3.1/../../../../arm-none-eabi/lib/thumb/v7e-m/nofp\libg.a(lib_a-atexit.o) (__register_exitproc)

Discarded input sections

 .text          0x00000000        0x0 d:/embedded/gcc-arm-none-eabi/bin/../lib/gcc/arm-none-eabi/10.3.1/thumb/v7e-m/nofp/crti.o
 .data          0x00000000        0x0 d:/embedded/gcc-arm-none-eabi/bin/../lib/gcc/arm-none-eabi/10.3.1/thumb/v7e-m/nofp/crti.o
 .bss           0x00000000        0x0 d:/embedded/gcc-arm-none-eabi/bin/../lib/gcc/arm-none-eabi/10.3.1/thumb/v7e-m/nofp/crti.o
 .data          0x00000000        0x4 d:/embedded/gcc-arm-none-eabi/bin/../lib/gcc/arm-none-eabi/10.3.1/thumb/v7e-m/nofp/crtbegin.o
 .rodata        0x00000000       0x24 d:/embedded/gcc-arm-none-eabi/bin/../lib/gcc/arm-none-eabi/10.3.1/thumb/v7e-m/nofp/crtbegin.o
 .text          0x00000000       0x7c d:/embedded/gcc-arm-none-eabi/bin/../lib/gcc/arm-none-eabi/10.3.1/../../../../arm-none-eabi/lib/thumb/v7e-m/nofp/crt0.o
 .data          0x00000000        0x0 d:/embedded/gcc-arm-none-eabi/bin/../lib/gcc/arm-none-eabi/10.3.1/../../../../arm-none-eabi/lib/thumb/v7e-m/nofp/crt0.o
[...]
Memory Configuration

Name             Origin             Length             Attributes
CCMRAM           0x10000000         0x00010000         xrw
RAM              0x20000000         0x00030000         xrw
FLASH            0x08000000         0x00100000         xr
*default*        0x00000000         0xffffffff

Linker script and memory map

LOAD d:/embedded/gcc-arm-none-eabi/bin/../lib/gcc/arm-none-eabi/10.3.1/thumb/v7e-m/nofp/crti.o
LOAD d:/embedded/gcc-arm-none-eabi/bin/../lib/gcc/arm-none-eabi/10.3.1/thumb/v7e-m/nofp/crtbegin.o
LOAD d:/embedded/gcc-arm-none-eabi/bin/../lib/gcc/arm-none-eabi/10.3.1/../../../../arm-none-eabi/lib/thumb/v7e-m/nofp/crt0.o
LOAD CMakeFiles/gui_demo.elf.dir/Drivers/STM32F4xx_HAL_Driver/Src/stm32f4xx_hal.c.obj
LOAD CMakeFiles/gui_demo.elf.dir/Drivers/STM32F4xx_HAL_Driver/Src/stm32f4xx_hal_cortex.c.obj
LOAD CMakeFiles/gui_demo.elf.dir/Drivers/STM32F4xx_HAL_Driver/Src/stm32f4xx_hal_dma.c.obj
LOAD CMakeFiles/gui_demo.elf.dir/Drivers/STM32F4xx_HAL_Driver/Src/stm32f4xx_hal_dma2d.c.obj
LOAD CMakeFiles/gui_demo.elf.dir/Drivers/STM32F4xx_HAL_Driver/Src/stm32f4xx_hal_dma_ex.c.obj
LOAD CMakeFiles/gui_demo.elf.dir/Drivers/STM32F4xx_HAL_Driver/Src/stm32f4xx_hal_dsi.c.obj
LOAD CMakeFiles/gui_demo.elf.dir/Drivers/STM32F4xx_HAL_Driver/Src/stm32f4xx_hal_exti.c.obj
LOAD CMakeFiles/gui_demo.elf.dir/Drivers/STM32F4xx_HAL_Driver/Src/stm32f4xx_hal_flash.c.obj
LOAD CMakeFiles/gui_demo.elf.dir/Drivers/STM32F4xx_HAL_Driver/Src/stm32f4xx_hal_flash_ex.c.obj
LOAD CMakeFiles/gui_demo.elf.dir/Drivers/STM32F4xx_HAL_Driver/Src/stm32f4xx_hal_flash_ramfunc.c.obj
LOAD CMakeFiles/gui_demo.elf.dir/Drivers/STM32F4xx_HAL_Driver/Src/stm32f4xx_hal_gpio.c.obj
LOAD CMakeFiles/gui_demo.elf.dir/Drivers/STM32F4xx_HAL_Driver/Src/stm32f4xx_hal_ltdc.c.obj
LOAD CMakeFiles/gui_demo.elf.dir/Drivers/STM32F4xx_HAL_Driver/Src/stm32f4xx_hal_ltdc_ex.c.obj
LOAD CMakeFiles/gui_demo.elf.dir/Drivers/STM32F4xx_HAL_Driver/Src/stm32f4xx_hal_pwr.c.obj
LOAD CMakeFiles/gui_demo.elf.dir/Drivers/STM32F4xx_HAL_Driver/Src/stm32f4xx_hal_pwr_ex.c.obj
LOAD CMakeFiles/gui_demo.elf.dir/Drivers/STM32F4xx_HAL_Driver/Src/stm32f4xx_hal_rcc.c.obj
LOAD CMakeFiles/gui_demo.elf.dir/Drivers/STM32F4xx_HAL_Driver/Src/stm32f4xx_hal_rcc_ex.c.obj
LOAD CMakeFiles/gui_demo.elf.dir/Drivers/STM32F4xx_HAL_Driver/Src/stm32f4xx_hal_sdram.c.obj
LOAD CMakeFiles/gui_demo.elf.dir/Drivers/STM32F4xx_HAL_Driver/Src/stm32f4xx_hal_tim.c.obj
LOAD CMakeFiles/gui_demo.elf.dir/Drivers/STM32F4xx_HAL_Driver/Src/stm32f4xx_hal_tim_ex.c.obj
LOAD CMakeFiles/gui_demo.elf.dir/Drivers/STM32F4xx_HAL_Driver/Src/stm32f4xx_ll_fmc.c.obj
LOAD CMakeFiles/gui_demo.elf.dir/Src/fmc.c.obj
LOAD CMakeFiles/gui_demo.elf.dir/Src/gpio.c.obj
LOAD CMakeFiles/gui_demo.elf.dir/Src/ltdc.c.obj
LOAD CMakeFiles/gui_demo.elf.dir/Src/main.c.obj
LOAD CMakeFiles/gui_demo.elf.dir/Src/stm32f4xx_hal_msp.c.obj
LOAD CMakeFiles/gui_demo.elf.dir/Src/stm32f4xx_it.c.obj
LOAD CMakeFiles/gui_demo.elf.dir/Src/syscalls.c.obj
LOAD CMakeFiles/gui_demo.elf.dir/Src/sysmem.c.obj
LOAD CMakeFiles/gui_demo.elf.dir/Src/system_stm32f4xx.c.obj
LOAD CMakeFiles/gui_demo.elf.dir/Startup/startup_stm32f429igtx.s.obj
START GROUP
LOAD d:/embedded/gcc-arm-none-eabi/bin/../lib/gcc/arm-none-eabi/10.3.1/thumb/v7e-m/nofp\libgcc.a
LOAD d:/embedded/gcc-arm-none-eabi/bin/../lib/gcc/arm-none-eabi/10.3.1/../../../../arm-none-eabi/lib/thumb/v7e-m/nofp\libg.a
LOAD d:/embedded/gcc-arm-none-eabi/bin/../lib/gcc/arm-none-eabi/10.3.1/../../../../arm-none-eabi/lib/thumb/v7e-m/nofp\libc.a
END GROUP
LOAD d:/embedded/gcc-arm-none-eabi/bin/../lib/gcc/arm-none-eabi/10.3.1/thumb/v7e-m/nofp/crtend.o
LOAD d:/embedded/gcc-arm-none-eabi/bin/../lib/gcc/arm-none-eabi/10.3.1/thumb/v7e-m/nofp/crtn.o
                0x20030000                _estack = (ORIGIN (RAM) + LENGTH (RAM))
                0x00000200                _Min_Heap_Size = 0x200
                0x00000400                _Min_Stack_Size = 0x400

.isr_vector     0x08000000      0x1ac
                0x08000000                . = ALIGN (0x4)
 *(.isr_vector)
 .isr_vector    0x08000000      0x1ac CMakeFiles/gui_demo.elf.dir/Startup/startup_stm32f429igtx.s.obj
                0x08000000                g_pfnVectors
                0x080001ac                . = ALIGN (0x4)

.text           0x080001ac     0x1db0
                0x080001ac                . = ALIGN (0x4)
 *(.text)
 .text          0x080001ac       0x40 d:/embedded/gcc-arm-none-eabi/bin/../lib/gcc/arm-none-eabi/10.3.1/thumb/v7e-m/nofp/crtbegin.o
 .text          0x080001ec       0x30 d:/embedded/gcc-arm-none-eabi/bin/../lib/gcc/arm-none-eabi/10.3.1/thumb/v7e-m/nofp\libgcc.a(_aeabi_uldivmod.o)
                0x080001ec                __aeabi_uldivmod
 .text          0x0800021c      0x2d0 d:/embedded/gcc-arm-none-eabi/bin/../lib/gcc/arm-none-eabi/10.3.1/thumb/v7e-m/nofp\libgcc.a(_udivmoddi4.o)
                0x0800021c                __udivmoddi4
 .text          0x080004ec        0x4 d:/embedded/gcc-arm-none-eabi/bin/../lib/gcc/arm-none-eabi/10.3.1/thumb/v7e-m/nofp\libgcc.a(_dvmd_tls.o)
                0x080004ec                __aeabi_idiv0
                0x080004ec                __aeabi_ldiv0
 *(.text*)
 .text.HAL_InitTick
                0x080004f0       0x4c CMakeFiles/gui_demo.elf.dir/Drivers/STM32F4xx_HAL_Driver/Src/stm32f4xx_hal.c.obj
                0x080004f0                HAL_InitTick
 .text.HAL_Init
                0x0800053c       0x34 CMakeFiles/gui_demo.elf.dir/Drivers/STM32F4xx_HAL_Driver/Src/stm32f4xx_hal.c.obj
                0x0800053c                HAL_Init
 .text.HAL_IncTick
                0x08000570       0x18 CMakeFiles/gui_demo.elf.dir/Drivers/STM32F4xx_HAL_Driver/Src/stm32f4xx_hal.c.obj
                0x08000570                HAL_IncTick
 .text.HAL_GetTick
                0x08000588        0xc CMakeFiles/gui_demo.elf.dir/Drivers/STM32F4xx_HAL_Driver/Src/stm32f4xx_hal.c.obj
                0x08000588                HAL_GetTick
 .text.HAL_Delay
                0x08000594       0x28 CMakeFiles/gui_demo.elf.dir/Drivers/STM32F4xx_HAL_Driver/Src/stm32f4xx_hal.c.obj
                0x08000594                HAL_Delay
 .text.HAL_NVIC_SetPriorityGrouping
                0x080005bc       0x24 CMakeFiles/gui_demo.elf.dir/Drivers/STM32F4xx_HAL_Driver/Src/stm32f4xx_hal_cortex.c.obj
                0x080005bc                HAL_NVIC_SetPriorityGrouping
 .text.HAL_NVIC_SetPriority
                0x080005e0       0x70 CMakeFiles/gui_demo.elf.dir/Drivers/STM32F4xx_HAL_Driver/Src/stm32f4xx_hal_cortex.c.obj
                0x080005e0                HAL_NVIC_SetPriority
 .text.HAL_SYSTICK_Config
                0x08000650       0x28 CMakeFiles/gui_demo.elf.dir/Drivers/STM32F4xx_HAL_Driver/Src/stm32f4xx_hal_cortex.c.obj
                0x08000650                HAL_SYSTICK_Config
 .text.HAL_GPIO_Init
                0x08000678      0x1fc CMakeFiles/gui_demo.elf.dir/Drivers/STM32F4xx_HAL_Driver/Src/stm32f4xx_hal_gpio.c.obj
                0x08000678                HAL_GPIO_Init
 .text.HAL_GPIO_WritePin
                0x08000874        0xc CMakeFiles/gui_demo.elf.dir/Drivers/STM32F4xx_HAL_Driver/Src/stm32f4xx_hal_gpio.c.obj
                0x08000874                HAL_GPIO_WritePin
 .text.LTDC_SetConfig
                0x08000880      0x1b2 CMakeFiles/gui_demo.elf.dir/Drivers/STM32F4xx_HAL_Driver/Src/stm32f4xx_hal_ltdc.c.obj
 *fill*         0x08000a32        0x2 
 .text.HAL_LTDC_Init
                0x08000a34       0xf8 CMakeFiles/gui_demo.elf.dir/Drivers/STM32F4xx_HAL_Driver/Src/stm32f4xx_hal_ltdc.c.obj
                0x08000a34                HAL_LTDC_Init
 .text.HAL_LTDC_ConfigLayer
                0x08000b2c       0x68 CMakeFiles/gui_demo.elf.dir/Drivers/STM32F4xx_HAL_Driver/Src/stm32f4xx_hal_ltdc.c.obj
                0x08000b2c                HAL_LTDC_ConfigLayer
 .text.HAL_PWREx_EnableOverDrive
                0x08000b94       0x7c CMakeFiles/gui_demo.elf.dir/Drivers/STM32F4xx_HAL_Driver/Src/stm32f4xx_hal_pwr_ex.c.obj
                0x08000b94                HAL_PWREx_EnableOverDrive
 .text.HAL_RCC_OscConfig
                0x08000c10      0x3f8 CMakeFiles/gui_demo.elf.dir/Drivers/STM32F4xx_HAL_Driver/Src/stm32f4xx_hal_rcc.c.obj
                0x08000c10                HAL_RCC_OscConfig
 .text.HAL_RCC_GetSysClockFreq
                0x08001008       0xa4 CMakeFiles/gui_demo.elf.dir/Drivers/STM32F4xx_HAL_Driver/Src/stm32f4xx_hal_rcc.c.obj
                0x08001008                HAL_RCC_GetSysClockFreq
 .text.HAL_RCC_ClockConfig
                0x080010ac      0x160 CMakeFiles/gui_demo.elf.dir/Drivers/STM32F4xx_HAL_Driver/Src/stm32f4xx_hal_rcc.c.obj
                0x080010ac                HAL_RCC_ClockConfig
 .text.HAL_RCCEx_PeriphCLKConfig
                0x0800120c      0x284 CMakeFiles/gui_demo.elf.dir/Drivers/STM32F4xx_HAL_Driver/Src/stm32f4xx_hal_rcc_ex.c.obj
                0x0800120c                HAL_RCCEx_PeriphCLKConfig
 .text.HAL_SDRAM_Init
                0x08001490       0x40 CMakeFiles/gui_demo.elf.dir/Drivers/STM32F4xx_HAL_Driver/Src/stm32f4xx_hal_sdram.c.obj
                0x08001490                HAL_SDRAM_Init
 .text.HAL_SDRAM_SendCommand
                0x080014d0       0x44 CMakeFiles/gui_demo.elf.dir/Drivers/STM32F4xx_HAL_Driver/Src/stm32f4xx_hal_sdram.c.obj
                0x080014d0                HAL_SDRAM_SendCommand
 .text.HAL_SDRAM_ProgramRefreshRate
                0x08001514       0x32 CMakeFiles/gui_demo.elf.dir/Drivers/STM32F4xx_HAL_Driver/Src/stm32f4xx_hal_sdram.c.obj
                0x08001514                HAL_SDRAM_ProgramRefreshRate
 .text.FMC_SDRAM_Init
                0x08001546       0x76 CMakeFiles/gui_demo.elf.dir/Drivers/STM32F4xx_HAL_Driver/Src/stm32f4xx_ll_fmc.c.obj
                0x08001546                FMC_SDRAM_Init
 .text.FMC_SDRAM_Timing_Init
                0x080015bc       0xb2 CMakeFiles/gui_demo.elf.dir/Drivers/STM32F4xx_HAL_Driver/Src/stm32f4xx_ll_fmc.c.obj
                0x080015bc                FMC_SDRAM_Timing_Init
 .text.FMC_SDRAM_SendCommand
                0x0800166e       0x4c CMakeFiles/gui_demo.elf.dir/Drivers/STM32F4xx_HAL_Driver/Src/stm32f4xx_ll_fmc.c.obj
                0x0800166e                FMC_SDRAM_SendCommand
 .text.FMC_SDRAM_ProgramRefreshRate
                0x080016ba       0x14 CMakeFiles/gui_demo.elf.dir/Drivers/STM32F4xx_HAL_Driver/Src/stm32f4xx_ll_fmc.c.obj
                0x080016ba                FMC_SDRAM_ProgramRefreshRate
 *fill*         0x080016ce        0x2 
 .text.HAL_FMC_MspInit
                0x080016d0       0xa8 CMakeFiles/gui_demo.elf.dir/Src/fmc.c.obj
 .text.sdram_send_cmd
                0x08001778       0x28 CMakeFiles/gui_demo.elf.dir/Src/fmc.c.obj
                0x08001778                sdram_send_cmd
 .text.sdram_initialization_sequence
                0x080017a0       0x36 CMakeFiles/gui_demo.elf.dir/Src/fmc.c.obj
                0x080017a0                sdram_initialization_sequence
 *fill*         0x080017d6        0x2 
 .text.MX_FMC_Init
                0x080017d8       0x84 CMakeFiles/gui_demo.elf.dir/Src/fmc.c.obj
                0x080017d8                MX_FMC_Init
 .text.HAL_SDRAM_MspInit
                0x0800185c        0x8 CMakeFiles/gui_demo.elf.dir/Src/fmc.c.obj
                0x0800185c                HAL_SDRAM_MspInit
 .text.MX_GPIO_Init
                0x08001864       0xd8 CMakeFiles/gui_demo.elf.dir/Src/gpio.c.obj
                0x08001864                MX_GPIO_Init
 .text.MX_LTDC_Init
                0x0800193c       0xcc CMakeFiles/gui_demo.elf.dir/Src/ltdc.c.obj
                0x0800193c                MX_LTDC_Init
 .text.HAL_LTDC_MspInit
                0x08001a08      0x10c CMakeFiles/gui_demo.elf.dir/Src/ltdc.c.obj
                0x08001a08                HAL_LTDC_MspInit
 .text.DMA2D_Fill
                0x08001b14       0x38 CMakeFiles/gui_demo.elf.dir/Src/ltdc.c.obj
                0x08001b14                DMA2D_Fill
 .text.FillRect
                0x08001b4c       0x2c CMakeFiles/gui_demo.elf.dir/Src/main.c.obj
                0x08001b4c                FillRect
 .text.Error_Handler
                0x08001b78        0x4 CMakeFiles/gui_demo.elf.dir/Src/main.c.obj
                0x08001b78                Error_Handler
 .text.SystemClock_Config
                0x08001b7c       0xb4 CMakeFiles/gui_demo.elf.dir/Src/main.c.obj
                0x08001b7c                SystemClock_Config
 .text.main     0x08001c30       0xa0 CMakeFiles/gui_demo.elf.dir/Src/main.c.obj
                0x08001c30                main
 .text.HAL_MspInit
                0x08001cd0       0x38 CMakeFiles/gui_demo.elf.dir/Src/stm32f4xx_hal_msp.c.obj
                0x08001cd0                HAL_MspInit
 .text.NMI_Handler
                0x08001d08        0x2 CMakeFiles/gui_demo.elf.dir/Src/stm32f4xx_it.c.obj
                0x08001d08                NMI_Handler
 .text.HardFault_Handler
                0x08001d0a        0x2 CMakeFiles/gui_demo.elf.dir/Src/stm32f4xx_it.c.obj
                0x08001d0a                HardFault_Handler
 .text.MemManage_Handler
                0x08001d0c        0x2 CMakeFiles/gui_demo.elf.dir/Src/stm32f4xx_it.c.obj
                0x08001d0c                MemManage_Handler
 .text.BusFault_Handler
                0x08001d0e        0x2 CMakeFiles/gui_demo.elf.dir/Src/stm32f4xx_it.c.obj
                0x08001d0e                BusFault_Handler
 .text.UsageFault_Handler
                0x08001d10        0x2 CMakeFiles/gui_demo.elf.dir/Src/stm32f4xx_it.c.obj
                0x08001d10                UsageFault_Handler
 .text.SVC_Handler
                0x08001d12        0x2 CMakeFiles/gui_demo.elf.dir/Src/stm32f4xx_it.c.obj
                0x08001d12                SVC_Handler
 .text.DebugMon_Handler
                0x08001d14        0x2 CMakeFiles/gui_demo.elf.dir/Src/stm32f4xx_it.c.obj
                0x08001d14                DebugMon_Handler
 .text.PendSV_Handler
                0x08001d16        0x2 CMakeFiles/gui_demo.elf.dir/Src/stm32f4xx_it.c.obj
                0x08001d16                PendSV_Handler
 .text.SysTick_Handler
                0x08001d18        0x8 CMakeFiles/gui_demo.elf.dir/Src/stm32f4xx_it.c.obj
                0x08001d18                SysTick_Handler
 .text.SystemInit
                0x08001d20        0x2 CMakeFiles/gui_demo.elf.dir/Src/system_stm32f4xx.c.obj
                0x08001d20                SystemInit
 *fill*         0x08001d22        0x2 
 .text.Reset_Handler
                0x08001d24       0x50 CMakeFiles/gui_demo.elf.dir/Startup/startup_stm32f429igtx.s.obj
                0x08001d24                Reset_Handler
 .text.Default_Handler
                0x08001d74        0x2 CMakeFiles/gui_demo.elf.dir/Startup/startup_stm32f429igtx.s.obj
                0x08001d74                RTC_Alarm_IRQHandler
                0x08001d74                HASH_RNG_IRQHandler
                0x08001d74                EXTI2_IRQHandler
                0x08001d74                TIM8_CC_IRQHandler
                0x08001d74                UART8_IRQHandler
                0x08001d74                SPI4_IRQHandler
                0x08001d74                TIM1_CC_IRQHandler
                0x08001d74                DMA2_Stream5_IRQHandler
                0x08001d74                DMA1_Stream5_IRQHandler
                0x08001d74                PVD_IRQHandler
                0x08001d74                SDIO_IRQHandler
                0x08001d74                TAMP_STAMP_IRQHandler
                0x08001d74                CAN2_RX1_IRQHandler
                0x08001d74                EXTI3_IRQHandler
                0x08001d74                TIM8_TRG_COM_TIM14_IRQHandler
                0x08001d74                TIM1_UP_TIM10_IRQHandler
                0x08001d74                TIM8_UP_TIM13_IRQHandler
                0x08001d74                I2C3_ER_IRQHandler
                0x08001d74                EXTI0_IRQHandler
                0x08001d74                I2C2_EV_IRQHandler
                0x08001d74                DMA1_Stream2_IRQHandler
                0x08001d74                CAN1_RX0_IRQHandler
                0x08001d74                FPU_IRQHandler
                0x08001d74                OTG_HS_WKUP_IRQHandler
                0x08001d74                LTDC_ER_IRQHandler
                0x08001d74                CAN2_SCE_IRQHandler
                0x08001d74                DMA2_Stream2_IRQHandler
                0x08001d74                SPI1_IRQHandler
                0x08001d74                TIM6_DAC_IRQHandler
                0x08001d74                TIM1_BRK_TIM9_IRQHandler
                0x08001d74                DCMI_IRQHandler
                0x08001d74                CAN2_RX0_IRQHandler
                0x08001d74                DMA2_Stream3_IRQHandler
                0x08001d74                USART6_IRQHandler
                0x08001d74                USART3_IRQHandler
                0x08001d74                CAN1_RX1_IRQHandler
                0x08001d74                UART5_IRQHandler
                0x08001d74                DMA2_Stream0_IRQHandler
                0x08001d74                TIM4_IRQHandler
                0x08001d74                I2C1_EV_IRQHandler
                0x08001d74                DMA1_Stream6_IRQHandler
                0x08001d74                DMA1_Stream1_IRQHandler
                0x08001d74                UART4_IRQHandler
                0x08001d74                TIM3_IRQHandler
                0x08001d74                RCC_IRQHandler
                0x08001d74                TIM8_BRK_TIM12_IRQHandler
                0x08001d74                Default_Handler
                0x08001d74                EXTI15_10_IRQHandler
                0x08001d74                ADC_IRQHandler
                0x08001d74                DMA1_Stream7_IRQHandler
                0x08001d74                SPI5_IRQHandler
                0x08001d74                TIM7_IRQHandler
                0x08001d74                CAN2_TX_IRQHandler
                0x08001d74                TIM5_IRQHandler
                0x08001d74                DMA2_Stream7_IRQHandler
                0x08001d74                I2C3_EV_IRQHandler
                0x08001d74                EXTI9_5_IRQHandler
                0x08001d74                RTC_WKUP_IRQHandler
                0x08001d74                LTDC_IRQHandler
                0x08001d74                ETH_WKUP_IRQHandler
                0x08001d74                SPI2_IRQHandler
                0x08001d74                OTG_HS_EP1_IN_IRQHandler
                0x08001d74                DMA1_Stream0_IRQHandler
                0x08001d74                CAN1_TX_IRQHandler
                0x08001d74                EXTI4_IRQHandler
                0x08001d74                ETH_IRQHandler
                0x08001d74                OTG_HS_EP1_OUT_IRQHandler
                0x08001d74                WWDG_IRQHandler
                0x08001d74                SPI6_IRQHandler
                0x08001d74                TIM2_IRQHandler
                0x08001d74                OTG_FS_WKUP_IRQHandler
                0x08001d74                TIM1_TRG_COM_TIM11_IRQHandler
                0x08001d74                OTG_HS_IRQHandler
                0x08001d74                DMA2D_IRQHandler
                0x08001d74                EXTI1_IRQHandler
                0x08001d74                UART7_IRQHandler
                0x08001d74                USART2_IRQHandler
                0x08001d74                I2C2_ER_IRQHandler
                0x08001d74                DMA2_Stream1_IRQHandler
                0x08001d74                CAN1_SCE_IRQHandler
                0x08001d74                FLASH_IRQHandler
                0x08001d74                DMA2_Stream4_IRQHandler
                0x08001d74                USART1_IRQHandler
                0x08001d74                OTG_FS_IRQHandler
                0x08001d74                SPI3_IRQHandler
                0x08001d74                DMA1_Stream4_IRQHandler
                0x08001d74                I2C1_ER_IRQHandler
                0x08001d74                FMC_IRQHandler
                0x08001d74                DMA2_Stream6_IRQHandler
                0x08001d74                SAI1_IRQHandler
                0x08001d74                DMA1_Stream3_IRQHandler
 *fill*         0x08001d76        0x2 
 .text.__libc_init_array
                0x08001d78       0x48 d:/embedded/gcc-arm-none-eabi/bin/../lib/gcc/arm-none-eabi/10.3.1/../../../../arm-none-eabi/lib/thumb/v7e-m/nofp\libg.a(lib_a-init.o)
                0x08001d78                __libc_init_array
 .text.memset   0x08001dc0       0xa4 d:/embedded/gcc-arm-none-eabi/bin/../lib/gcc/arm-none-eabi/10.3.1/../../../../arm-none-eabi/lib/thumb/v7e-m/nofp\libg.a(lib_a-memset.o)
                0x08001dc0                memset
 .text.startup.register_fini
                0x08001e64       0x14 d:/embedded/gcc-arm-none-eabi/bin/../lib/gcc/arm-none-eabi/10.3.1/../../../../arm-none-eabi/lib/thumb/v7e-m/nofp\libg.a(lib_a-__call_atexit.o)
 .text.atexit   0x08001e78        0xc d:/embedded/gcc-arm-none-eabi/bin/../lib/gcc/arm-none-eabi/10.3.1/../../../../arm-none-eabi/lib/thumb/v7e-m/nofp\libg.a(lib_a-atexit.o)
                0x08001e78                atexit
 .text.__libc_fini_array
                0x08001e84       0x2c d:/embedded/gcc-arm-none-eabi/bin/../lib/gcc/arm-none-eabi/10.3.1/../../../../arm-none-eabi/lib/thumb/v7e-m/nofp\libg.a(lib_a-fini.o)
                0x08001e84                __libc_fini_array
 .text.__retarget_lock_acquire_recursive
                0x08001eb0        0x4 d:/embedded/gcc-arm-none-eabi/bin/../lib/gcc/arm-none-eabi/10.3.1/../../../../arm-none-eabi/lib/thumb/v7e-m/nofp\libg.a(lib_a-lock.o)
                0x08001eb0                __retarget_lock_acquire_recursive
 .text.__retarget_lock_release_recursive
                0x08001eb4        0x4 d:/embedded/gcc-arm-none-eabi/bin/../lib/gcc/arm-none-eabi/10.3.1/../../../../arm-none-eabi/lib/thumb/v7e-m/nofp\libg.a(lib_a-lock.o)
                0x08001eb4                __retarget_lock_release_recursive
 .text.__register_exitproc
                0x08001eb8       0x8c d:/embedded/gcc-arm-none-eabi/bin/../lib/gcc/arm-none-eabi/10.3.1/../../../../arm-none-eabi/lib/thumb/v7e-m/nofp\libg.a(lib_a-__atexit.o)
                0x08001eb8                __register_exitproc
 *(.glue_7)
 .glue_7        0x08001f44        0x0 linker stubs
 *(.glue_7t)
 .glue_7t       0x08001f44        0x0 linker stubs
 *(.eh_frame)
 .eh_frame      0x08001f44        0x0 d:/embedded/gcc-arm-none-eabi/bin/../lib/gcc/arm-none-eabi/10.3.1/thumb/v7e-m/nofp/crtbegin.o
 *(.init)
 .init          0x08001f44        0x4 d:/embedded/gcc-arm-none-eabi/bin/../lib/gcc/arm-none-eabi/10.3.1/thumb/v7e-m/nofp/crti.o
                0x08001f44                _init
 .init          0x08001f48        0x8 d:/embedded/gcc-arm-none-eabi/bin/../lib/gcc/arm-none-eabi/10.3.1/thumb/v7e-m/nofp/crtn.o
 *(.fini)
 .fini          0x08001f50        0x4 d:/embedded/gcc-arm-none-eabi/bin/../lib/gcc/arm-none-eabi/10.3.1/thumb/v7e-m/nofp/crti.o
                0x08001f50                _fini
 .fini          0x08001f54        0x8 d:/embedded/gcc-arm-none-eabi/bin/../lib/gcc/arm-none-eabi/10.3.1/thumb/v7e-m/nofp/crtn.o
                0x08001f5c                . = ALIGN (0x4)
                0x08001f5c                _etext = .

.vfp11_veneer   0x08001f5c        0x0
 .vfp11_veneer  0x08001f5c        0x0 linker stubs

.v4_bx          0x08001f5c        0x0
 .v4_bx         0x08001f5c        0x0 linker stubs

.iplt           0x08001f5c        0x0
 .iplt          0x08001f5c        0x0 d:/embedded/gcc-arm-none-eabi/bin/../lib/gcc/arm-none-eabi/10.3.1/thumb/v7e-m/nofp/crtbegin.o

.rodata         0x08001f5c       0x14
                0x08001f5c                . = ALIGN (0x4)
 *(.rodata)
 *(.rodata*)
 .rodata.AHBPrescTable
                0x08001f5c       0x10 CMakeFiles/gui_demo.elf.dir/Src/system_stm32f4xx.c.obj
                0x08001f5c                AHBPrescTable
 .rodata._global_impure_ptr
                0x08001f6c        0x4 d:/embedded/gcc-arm-none-eabi/bin/../lib/gcc/arm-none-eabi/10.3.1/../../../../arm-none-eabi/lib/thumb/v7e-m/nofp\libg.a(lib_a-impure.o)
                0x08001f6c                _global_impure_ptr
                0x08001f70                . = ALIGN (0x4)

.ARM.extab      0x08001f70        0x0
                0x08001f70                . = ALIGN (0x4)
 *(.ARM.extab* .gnu.linkonce.armextab.*)
                0x08001f70                . = ALIGN (0x4)

.ARM            0x08001f70        0x8
                0x08001f70                . = ALIGN (0x4)
                0x08001f70                __exidx_start = .
 *(.ARM.exidx*)
 .ARM.exidx     0x08001f70        0x8 d:/embedded/gcc-arm-none-eabi/bin/../lib/gcc/arm-none-eabi/10.3.1/thumb/v7e-m/nofp\libgcc.a(_udivmoddi4.o)
                0x08001f78                __exidx_end = .
                0x08001f78                . = ALIGN (0x4)

.rel.dyn        0x08001f78        0x0
 .rel.iplt      0x08001f78        0x0 d:/embedded/gcc-arm-none-eabi/bin/../lib/gcc/arm-none-eabi/10.3.1/thumb/v7e-m/nofp/crtbegin.o

.preinit_array  0x08001f78        0x0
                0x08001f78                . = ALIGN (0x4)
                0x08001f78                PROVIDE (__preinit_array_start = .)
 *(.preinit_array*)
                0x08001f78                PROVIDE (__preinit_array_end = .)
                0x08001f78                . = ALIGN (0x4)

.init_array     0x08001f78        0x8
                0x08001f78                . = ALIGN (0x4)
                0x08001f78                PROVIDE (__init_array_start = .)
 *(SORT_BY_NAME(.init_array.*))
 .init_array.00000
                0x08001f78        0x4 d:/embedded/gcc-arm-none-eabi/bin/../lib/gcc/arm-none-eabi/10.3.1/../../../../arm-none-eabi/lib/thumb/v7e-m/nofp\libg.a(lib_a-__call_atexit.o)
 *(.init_array*)
 .init_array    0x08001f7c        0x4 d:/embedded/gcc-arm-none-eabi/bin/../lib/gcc/arm-none-eabi/10.3.1/thumb/v7e-m/nofp/crtbegin.o
                0x08001f80                PROVIDE (__init_array_end = .)
                0x08001f80                . = ALIGN (0x4)

.fini_array     0x08001f80        0x4
                0x08001f80                . = ALIGN (0x4)
                0x08001f80                PROVIDE (__fini_array_start = .)
 *(SORT_BY_NAME(.fini_array.*))
 *(.fini_array*)
 .fini_array    0x08001f80        0x4 d:/embedded/gcc-arm-none-eabi/bin/../lib/gcc/arm-none-eabi/10.3.1/thumb/v7e-m/nofp/crtbegin.o
                0x08001f84                PROVIDE (__fini_array_end = .)
                0x08001f84                . = ALIGN (0x4)
                0x08001f84                _sidata = LOADADDR (.data)

.data           0x20000000      0x43c load address 0x08001f84
                0x20000000                . = ALIGN (0x4)
                0x20000000                _sdata = .
 *(.data)
 *(.data*)
 .data.uwTickFreq
                0x20000000        0x1 CMakeFiles/gui_demo.elf.dir/Drivers/STM32F4xx_HAL_Driver/Src/stm32f4xx_hal.c.obj
                0x20000000                uwTickFreq
 *fill*         0x20000001        0x3 
 .data.uwTickPrio
                0x20000004        0x4 CMakeFiles/gui_demo.elf.dir/Drivers/STM32F4xx_HAL_Driver/Src/stm32f4xx_hal.c.obj
                0x20000004                uwTickPrio
 .data.SystemCoreClock
                0x20000008        0x4 CMakeFiles/gui_demo.elf.dir/Src/system_stm32f4xx.c.obj
                0x20000008                SystemCoreClock
 *fill*         0x2000000c        0x4 
 .data.impure_data
                0x20000010      0x428 d:/embedded/gcc-arm-none-eabi/bin/../lib/gcc/arm-none-eabi/10.3.1/../../../../arm-none-eabi/lib/thumb/v7e-m/nofp\libg.a(lib_a-impure.o)
 .data.__atexit_recursive_mutex
                0x20000438        0x4 d:/embedded/gcc-arm-none-eabi/bin/../lib/gcc/arm-none-eabi/10.3.1/../../../../arm-none-eabi/lib/thumb/v7e-m/nofp\libg.a(lib_a-__call_atexit.o)
                0x20000438                __atexit_recursive_mutex
 *(.RamFunc)
 *(.RamFunc*)
                0x2000043c                . = ALIGN (0x4)
                0x2000043c                _edata = .
                0x080023c0                _siccmram = LOADADDR (.ccmram)

.igot.plt       0x2000043c        0x0 load address 0x080023c0
 .igot.plt      0x2000043c        0x0 d:/embedded/gcc-arm-none-eabi/bin/../lib/gcc/arm-none-eabi/10.3.1/thumb/v7e-m/nofp/crtbegin.o

.ccmram         0x10000000        0x0 load address 0x080023c0
                0x10000000                . = ALIGN (0x4)
                0x10000000                _sccmram = .
 *(.ccmram)
 *(.ccmram*)
                0x10000000                . = ALIGN (0x4)
                0x10000000                _eccmram = .
                0x10000000                . = ALIGN (0x4)

.bss            0x2000043c      0x104
                0x2000043c                _sbss = .
                0x2000043c                __bss_start__ = _sbss
 *(.bss)
 .bss           0x2000043c       0x1c d:/embedded/gcc-arm-none-eabi/bin/../lib/gcc/arm-none-eabi/10.3.1/thumb/v7e-m/nofp/crtbegin.o
 *(.bss*)
 .bss.uwTick    0x20000458        0x4 CMakeFiles/gui_demo.elf.dir/Drivers/STM32F4xx_HAL_Driver/Src/stm32f4xx_hal.c.obj
                0x20000458                uwTick
 .bss.FMC_Initialized
                0x2000045c        0x4 CMakeFiles/gui_demo.elf.dir/Src/fmc.c.obj
 .bss.hsdram1   0x20000460       0x34 CMakeFiles/gui_demo.elf.dir/Src/fmc.c.obj
                0x20000460                hsdram1
 .bss.hltdc     0x20000494       0xa8 CMakeFiles/gui_demo.elf.dir/Src/ltdc.c.obj
                0x20000494                hltdc
 .bss.__lock___atexit_recursive_mutex
                0x2000053c        0x1 d:/embedded/gcc-arm-none-eabi/bin/../lib/gcc/arm-none-eabi/10.3.1/../../../../arm-none-eabi/lib/thumb/v7e-m/nofp\libg.a(lib_a-lock.o)
                0x2000053c                __lock___atexit_recursive_mutex
 *(COMMON)
                0x20000540                . = ALIGN (0x4)
 *fill*         0x2000053d        0x3 
                0x20000540                _ebss = .
                0x20000540                __bss_end__ = _ebss

._user_heap_stack
                0x20000540      0x600
                0x20000540                . = ALIGN (0x8)
                [!provide]                PROVIDE (end = .)
                0x20000540                PROVIDE (_end = .)
                0x20000740                . = (. + _Min_Heap_Size)
 *fill*         0x20000540      0x200 
                0x20000b40                . = (. + _Min_Stack_Size)
 *fill*         0x20000740      0x400 
                0x20000b40                . = ALIGN (0x8)

/DISCARD/
 libc.a(*)
 libm.a(*)
 libgcc.a(*)

.ARM.attributes
                0x00000000       0x2a
 *(.ARM.attributes)
 .ARM.attributes
                0x00000000       0x1e d:/embedded/gcc-arm-none-eabi/bin/../lib/gcc/arm-none-eabi/10.3.1/thumb/v7e-m/nofp/crti.o
 .ARM.attributes
                0x0000001e       0x2e d:/embedded/gcc-arm-none-eabi/bin/../lib/gcc/arm-none-eabi/10.3.1/thumb/v7e-m/nofp/crtbegin.o
 .ARM.attributes
                0x0000004c       0x2e CMakeFiles/gui_demo.elf.dir/Drivers/STM32F4xx_HAL_Driver/Src/stm32f4xx_hal.c.obj
 .ARM.attributes
                0x0000007a       0x2e CMakeFiles/gui_demo.elf.dir/Drivers/STM32F4xx_HAL_Driver/Src/stm32f4xx_hal_cortex.c.obj
 .ARM.attributes
                0x000000a8       0x2e CMakeFiles/gui_demo.elf.dir/Drivers/STM32F4xx_HAL_Driver/Src/stm32f4xx_hal_gpio.c.obj
 .ARM.attributes
                0x000000d6       0x2e CMakeFiles/gui_demo.elf.dir/Drivers/STM32F4xx_HAL_Driver/Src/stm32f4xx_hal_ltdc.c.obj
 .ARM.attributes
                0x00000104       0x2e CMakeFiles/gui_demo.elf.dir/Drivers/STM32F4xx_HAL_Driver/Src/stm32f4xx_hal_pwr_ex.c.obj
 .ARM.attributes
                0x00000132       0x2e CMakeFiles/gui_demo.elf.dir/Drivers/STM32F4xx_HAL_Driver/Src/stm32f4xx_hal_rcc.c.obj
 .ARM.attributes
                0x00000160       0x2e CMakeFiles/gui_demo.elf.dir/Drivers/STM32F4xx_HAL_Driver/Src/stm32f4xx_hal_rcc_ex.c.obj
 .ARM.attributes
                0x0000018e       0x2e CMakeFiles/gui_demo.elf.dir/Drivers/STM32F4xx_HAL_Driver/Src/stm32f4xx_hal_sdram.c.obj
 .ARM.attributes
                0x000001bc       0x2e CMakeFiles/gui_demo.elf.dir/Drivers/STM32F4xx_HAL_Driver/Src/stm32f4xx_ll_fmc.c.obj
 .ARM.attributes
                0x000001ea       0x2e CMakeFiles/gui_demo.elf.dir/Src/fmc.c.obj
 .ARM.attributes
                0x00000218       0x2e CMakeFiles/gui_demo.elf.dir/Src/gpio.c.obj
 .ARM.attributes
                0x00000246       0x2e CMakeFiles/gui_demo.elf.dir/Src/ltdc.c.obj
 .ARM.attributes
                0x00000274       0x2e CMakeFiles/gui_demo.elf.dir/Src/main.c.obj
 .ARM.attributes
                0x000002a2       0x2e CMakeFiles/gui_demo.elf.dir/Src/stm32f4xx_hal_msp.c.obj
 .ARM.attributes
                0x000002d0       0x2e CMakeFiles/gui_demo.elf.dir/Src/stm32f4xx_it.c.obj
 .ARM.attributes
                0x000002fe       0x2e CMakeFiles/gui_demo.elf.dir/Src/system_stm32f4xx.c.obj
 .ARM.attributes
                0x0000032c       0x21 CMakeFiles/gui_demo.elf.dir/Startup/startup_stm32f429igtx.s.obj
 .ARM.attributes
                0x0000034d       0x1e d:/embedded/gcc-arm-none-eabi/bin/../lib/gcc/arm-none-eabi/10.3.1/thumb/v7e-m/nofp\libgcc.a(_aeabi_uldivmod.o)
 .ARM.attributes
                0x0000036b       0x2e d:/embedded/gcc-arm-none-eabi/bin/../lib/gcc/arm-none-eabi/10.3.1/thumb/v7e-m/nofp\libgcc.a(_udivmoddi4.o)
 .ARM.attributes
                0x00000399       0x1e d:/embedded/gcc-arm-none-eabi/bin/../lib/gcc/arm-none-eabi/10.3.1/thumb/v7e-m/nofp\libgcc.a(_dvmd_tls.o)
 .ARM.attributes
                0x000003b7       0x2e d:/embedded/gcc-arm-none-eabi/bin/../lib/gcc/arm-none-eabi/10.3.1/../../../../arm-none-eabi/lib/thumb/v7e-m/nofp\libg.a(lib_a-impure.o)
 .ARM.attributes
                0x000003e5       0x2e d:/embedded/gcc-arm-none-eabi/bin/../lib/gcc/arm-none-eabi/10.3.1/../../../../arm-none-eabi/lib/thumb/v7e-m/nofp\libg.a(lib_a-init.o)
 .ARM.attributes
                0x00000413       0x2e d:/embedded/gcc-arm-none-eabi/bin/../lib/gcc/arm-none-eabi/10.3.1/../../../../arm-none-eabi/lib/thumb/v7e-m/nofp\libg.a(lib_a-memset.o)
 .ARM.attributes
                0x00000441       0x2e d:/embedded/gcc-arm-none-eabi/bin/../lib/gcc/arm-none-eabi/10.3.1/../../../../arm-none-eabi/lib/thumb/v7e-m/nofp\libg.a(lib_a-__call_atexit.o)
 .ARM.attributes
                0x0000046f       0x2e d:/embedded/gcc-arm-none-eabi/bin/../lib/gcc/arm-none-eabi/10.3.1/../../../../arm-none-eabi/lib/thumb/v7e-m/nofp\libg.a(lib_a-atexit.o)
 .ARM.attributes
                0x0000049d       0x2e d:/embedded/gcc-arm-none-eabi/bin/../lib/gcc/arm-none-eabi/10.3.1/../../../../arm-none-eabi/lib/thumb/v7e-m/nofp\libg.a(lib_a-fini.o)
 .ARM.attributes
                0x000004cb       0x2e d:/embedded/gcc-arm-none-eabi/bin/../lib/gcc/arm-none-eabi/10.3.1/../../../../arm-none-eabi/lib/thumb/v7e-m/nofp\libg.a(lib_a-lock.o)
 .ARM.attributes
                0x000004f9       0x2e d:/embedded/gcc-arm-none-eabi/bin/../lib/gcc/arm-none-eabi/10.3.1/../../../../arm-none-eabi/lib/thumb/v7e-m/nofp\libg.a(lib_a-__atexit.o)
 .ARM.attributes
                0x00000527       0x1e d:/embedded/gcc-arm-none-eabi/bin/../lib/gcc/arm-none-eabi/10.3.1/thumb/v7e-m/nofp/crtn.o
OUTPUT(gui_demo.elf elf32-littlearm)
LOAD linker stubs
LOAD d:/embedded/gcc-arm-none-eabi/bin/../lib/gcc/arm-none-eabi/10.3.1/../../../../arm-none-eabi/lib/thumb/v7e-m/nofp\libc.a
LOAD d:/embedded/gcc-arm-none-eabi/bin/../lib/gcc/arm-none-eabi/10.3.1/../../../../arm-none-eabi/lib/thumb/v7e-m/nofp\libm.a
LOAD d:/embedded/gcc-arm-none-eabi/bin/../lib/gcc/arm-none-eabi/10.3.1/thumb/v7e-m/nofp\libgcc.a

.debug_info     0x00000000     0xa432
 .debug_info    0x00000000      0xa68 CMakeFiles/gui_demo.elf.dir/Drivers/STM32F4xx_HAL_Driver/Src/stm32f4xx_hal.c.obj
 .debug_info    0x00000a68     0x10ce CMakeFiles/gui_demo.elf.dir/Drivers/STM32F4xx_HAL_Driver/Src/stm32f4xx_hal_cortex.c.obj
 .debug_info    0x00001b36      0x7cc CMakeFiles/gui_demo.elf.dir/Drivers/STM32F4xx_HAL_Driver/Src/stm32f4xx_hal_gpio.c.obj
 .debug_info    0x00002302     0x157f CMakeFiles/gui_demo.elf.dir/Drivers/STM32F4xx_HAL_Driver/Src/stm32f4xx_hal_ltdc.c.obj
 .debug_info    0x00003881      0x7bb CMakeFiles/gui_demo.elf.dir/Drivers/STM32F4xx_HAL_Driver/Src/stm32f4xx_hal_pwr_ex.c.obj
 .debug_info    0x0000403c      0xb1f CMakeFiles/gui_demo.elf.dir/Drivers/STM32F4xx_HAL_Driver/Src/stm32f4xx_hal_rcc.c.obj
 .debug_info    0x00004b5b      0x81f CMakeFiles/gui_demo.elf.dir/Drivers/STM32F4xx_HAL_Driver/Src/stm32f4xx_hal_rcc_ex.c.obj
 .debug_info    0x0000537a     0x110b CMakeFiles/gui_demo.elf.dir/Drivers/STM32F4xx_HAL_Driver/Src/stm32f4xx_hal_sdram.c.obj
 .debug_info    0x00006485      0xfa4 CMakeFiles/gui_demo.elf.dir/Drivers/STM32F4xx_HAL_Driver/Src/stm32f4xx_ll_fmc.c.obj
 .debug_info    0x00007429      0xcde CMakeFiles/gui_demo.elf.dir/Src/fmc.c.obj
 .debug_info    0x00008107      0x4c4 CMakeFiles/gui_demo.elf.dir/Src/gpio.c.obj
 .debug_info    0x000085cb      0xdfc CMakeFiles/gui_demo.elf.dir/Src/ltdc.c.obj
 .debug_info    0x000093c7      0x8c1 CMakeFiles/gui_demo.elf.dir/Src/main.c.obj
 .debug_info    0x00009c88      0x2c0 CMakeFiles/gui_demo.elf.dir/Src/stm32f4xx_hal_msp.c.obj
 .debug_info    0x00009f48      0x12f CMakeFiles/gui_demo.elf.dir/Src/stm32f4xx_it.c.obj
 .debug_info    0x0000a077      0x399 CMakeFiles/gui_demo.elf.dir/Src/system_stm32f4xx.c.obj
 .debug_info    0x0000a410       0x22 CMakeFiles/gui_demo.elf.dir/Startup/startup_stm32f429igtx.s.obj

.debug_abbrev   0x00000000     0x1d20
 .debug_abbrev  0x00000000      0x206 CMakeFiles/gui_demo.elf.dir/Drivers/STM32F4xx_HAL_Driver/Src/stm32f4xx_hal.c.obj
 .debug_abbrev  0x00000206      0x36a CMakeFiles/gui_demo.elf.dir/Drivers/STM32F4xx_HAL_Driver/Src/stm32f4xx_hal_cortex.c.obj
 .debug_abbrev  0x00000570      0x1ef CMakeFiles/gui_demo.elf.dir/Drivers/STM32F4xx_HAL_Driver/Src/stm32f4xx_hal_gpio.c.obj
 .debug_abbrev  0x0000075f      0x239 CMakeFiles/gui_demo.elf.dir/Drivers/STM32F4xx_HAL_Driver/Src/stm32f4xx_hal_ltdc.c.obj
 .debug_abbrev  0x00000998      0x1c0 CMakeFiles/gui_demo.elf.dir/Drivers/STM32F4xx_HAL_Driver/Src/stm32f4xx_hal_pwr_ex.c.obj
 .debug_abbrev  0x00000b58      0x28a CMakeFiles/gui_demo.elf.dir/Drivers/STM32F4xx_HAL_Driver/Src/stm32f4xx_hal_rcc.c.obj
 .debug_abbrev  0x00000de2      0x180 CMakeFiles/gui_demo.elf.dir/Drivers/STM32F4xx_HAL_Driver/Src/stm32f4xx_hal_rcc_ex.c.obj
 .debug_abbrev  0x00000f62      0x22d CMakeFiles/gui_demo.elf.dir/Drivers/STM32F4xx_HAL_Driver/Src/stm32f4xx_hal_sdram.c.obj
 .debug_abbrev  0x0000118f      0x1ac CMakeFiles/gui_demo.elf.dir/Drivers/STM32F4xx_HAL_Driver/Src/stm32f4xx_ll_fmc.c.obj
 .debug_abbrev  0x0000133b      0x250 CMakeFiles/gui_demo.elf.dir/Src/fmc.c.obj
 .debug_abbrev  0x0000158b      0x125 CMakeFiles/gui_demo.elf.dir/Src/gpio.c.obj
 .debug_abbrev  0x000016b0      0x1f4 CMakeFiles/gui_demo.elf.dir/Src/ltdc.c.obj
 .debug_abbrev  0x000018a4      0x202 CMakeFiles/gui_demo.elf.dir/Src/main.c.obj
 .debug_abbrev  0x00001aa6       0xd1 CMakeFiles/gui_demo.elf.dir/Src/stm32f4xx_hal_msp.c.obj
 .debug_abbrev  0x00001b77       0x7e CMakeFiles/gui_demo.elf.dir/Src/stm32f4xx_it.c.obj
 .debug_abbrev  0x00001bf5      0x119 CMakeFiles/gui_demo.elf.dir/Src/system_stm32f4xx.c.obj
 .debug_abbrev  0x00001d0e       0x12 CMakeFiles/gui_demo.elf.dir/Startup/startup_stm32f429igtx.s.obj

.debug_loc      0x00000000     0x4f90
 .debug_loc     0x00000000      0x141 CMakeFiles/gui_demo.elf.dir/Drivers/STM32F4xx_HAL_Driver/Src/stm32f4xx_hal.c.obj
 .debug_loc     0x00000141      0x744 CMakeFiles/gui_demo.elf.dir/Drivers/STM32F4xx_HAL_Driver/Src/stm32f4xx_hal_cortex.c.obj
 .debug_loc     0x00000885      0x520 CMakeFiles/gui_demo.elf.dir/Drivers/STM32F4xx_HAL_Driver/Src/stm32f4xx_hal_gpio.c.obj
 .debug_loc     0x00000da5     0x1922 CMakeFiles/gui_demo.elf.dir/Drivers/STM32F4xx_HAL_Driver/Src/stm32f4xx_hal_ltdc.c.obj
 .debug_loc     0x000026c7      0x228 CMakeFiles/gui_demo.elf.dir/Drivers/STM32F4xx_HAL_Driver/Src/stm32f4xx_hal_pwr_ex.c.obj
 .debug_loc     0x000028ef      0x58c CMakeFiles/gui_demo.elf.dir/Drivers/STM32F4xx_HAL_Driver/Src/stm32f4xx_hal_rcc.c.obj
 .debug_loc     0x00002e7b      0x4d6 CMakeFiles/gui_demo.elf.dir/Drivers/STM32F4xx_HAL_Driver/Src/stm32f4xx_hal_rcc_ex.c.obj
 .debug_loc     0x00003351      0xf63 CMakeFiles/gui_demo.elf.dir/Drivers/STM32F4xx_HAL_Driver/Src/stm32f4xx_hal_sdram.c.obj
 .debug_loc     0x000042b4      0x8fd CMakeFiles/gui_demo.elf.dir/Drivers/STM32F4xx_HAL_Driver/Src/stm32f4xx_ll_fmc.c.obj
 .debug_loc     0x00004bb1       0xdf CMakeFiles/gui_demo.elf.dir/Src/fmc.c.obj
 .debug_loc     0x00004c90       0xec CMakeFiles/gui_demo.elf.dir/Src/ltdc.c.obj
 .debug_loc     0x00004d7c       0xbc CMakeFiles/gui_demo.elf.dir/Src/main.c.obj
 .debug_loc     0x00004e38      0x158 CMakeFiles/gui_demo.elf.dir/Src/system_stm32f4xx.c.obj

.debug_aranges  0x00000000      0x820
 .debug_aranges
                0x00000000      0x100 CMakeFiles/gui_demo.elf.dir/Drivers/STM32F4xx_HAL_Driver/Src/stm32f4xx_hal.c.obj
 .debug_aranges
                0x00000100       0xa8 CMakeFiles/gui_demo.elf.dir/Drivers/STM32F4xx_HAL_Driver/Src/stm32f4xx_hal_cortex.c.obj
 .debug_aranges
                0x000001a8       0x58 CMakeFiles/gui_demo.elf.dir/Drivers/STM32F4xx_HAL_Driver/Src/stm32f4xx_hal_gpio.c.obj
 .debug_aranges
                0x00000200      0x158 CMakeFiles/gui_demo.elf.dir/Drivers/STM32F4xx_HAL_Driver/Src/stm32f4xx_hal_ltdc.c.obj
 .debug_aranges
                0x00000358       0x60 CMakeFiles/gui_demo.elf.dir/Drivers/STM32F4xx_HAL_Driver/Src/stm32f4xx_hal_pwr_ex.c.obj
 .debug_aranges
                0x000003b8       0x88 CMakeFiles/gui_demo.elf.dir/Drivers/STM32F4xx_HAL_Driver/Src/stm32f4xx_hal_rcc.c.obj
 .debug_aranges
                0x00000440       0x58 CMakeFiles/gui_demo.elf.dir/Drivers/STM32F4xx_HAL_Driver/Src/stm32f4xx_hal_rcc_ex.c.obj
 .debug_aranges
                0x00000498       0xe8 CMakeFiles/gui_demo.elf.dir/Drivers/STM32F4xx_HAL_Driver/Src/stm32f4xx_hal_sdram.c.obj
 .debug_aranges
                0x00000580       0xf0 CMakeFiles/gui_demo.elf.dir/Drivers/STM32F4xx_HAL_Driver/Src/stm32f4xx_ll_fmc.c.obj
 .debug_aranges
                0x00000670       0x50 CMakeFiles/gui_demo.elf.dir/Src/fmc.c.obj
 .debug_aranges
                0x000006c0       0x20 CMakeFiles/gui_demo.elf.dir/Src/gpio.c.obj
 .debug_aranges
                0x000006e0       0x38 CMakeFiles/gui_demo.elf.dir/Src/ltdc.c.obj
 .debug_aranges
                0x00000718       0x38 CMakeFiles/gui_demo.elf.dir/Src/main.c.obj
 .debug_aranges
                0x00000750       0x20 CMakeFiles/gui_demo.elf.dir/Src/stm32f4xx_hal_msp.c.obj
 .debug_aranges
                0x00000770       0x60 CMakeFiles/gui_demo.elf.dir/Src/stm32f4xx_it.c.obj
 .debug_aranges
                0x000007d0       0x28 CMakeFiles/gui_demo.elf.dir/Src/system_stm32f4xx.c.obj
 .debug_aranges
                0x000007f8       0x28 CMakeFiles/gui_demo.elf.dir/Startup/startup_stm32f429igtx.s.obj

.debug_ranges   0x00000000      0x790
 .debug_ranges  0x00000000       0xf0 CMakeFiles/gui_demo.elf.dir/Drivers/STM32F4xx_HAL_Driver/Src/stm32f4xx_hal.c.obj
 .debug_ranges  0x000000f0       0xf8 CMakeFiles/gui_demo.elf.dir/Drivers/STM32F4xx_HAL_Driver/Src/stm32f4xx_hal_cortex.c.obj
 .debug_ranges  0x000001e8       0x48 CMakeFiles/gui_demo.elf.dir/Drivers/STM32F4xx_HAL_Driver/Src/stm32f4xx_hal_gpio.c.obj
 .debug_ranges  0x00000230      0x148 CMakeFiles/gui_demo.elf.dir/Drivers/STM32F4xx_HAL_Driver/Src/stm32f4xx_hal_ltdc.c.obj
 .debug_ranges  0x00000378       0x50 CMakeFiles/gui_demo.elf.dir/Drivers/STM32F4xx_HAL_Driver/Src/stm32f4xx_hal_pwr_ex.c.obj
 .debug_ranges  0x000003c8       0x90 CMakeFiles/gui_demo.elf.dir/Drivers/STM32F4xx_HAL_Driver/Src/stm32f4xx_hal_rcc.c.obj
 .debug_ranges  0x00000458       0x48 CMakeFiles/gui_demo.elf.dir/Drivers/STM32F4xx_HAL_Driver/Src/stm32f4xx_hal_rcc_ex.c.obj
 .debug_ranges  0x000004a0       0xd8 CMakeFiles/gui_demo.elf.dir/Drivers/STM32F4xx_HAL_Driver/Src/stm32f4xx_hal_sdram.c.obj
 .debug_ranges  0x00000578       0xe0 CMakeFiles/gui_demo.elf.dir/Drivers/STM32F4xx_HAL_Driver/Src/stm32f4xx_ll_fmc.c.obj
 .debug_ranges  0x00000658       0x40 CMakeFiles/gui_demo.elf.dir/Src/fmc.c.obj
 .debug_ranges  0x00000698       0x10 CMakeFiles/gui_demo.elf.dir/Src/gpio.c.obj
 .debug_ranges  0x000006a8       0x28 CMakeFiles/gui_demo.elf.dir/Src/ltdc.c.obj
 .debug_ranges  0x000006d0       0x28 CMakeFiles/gui_demo.elf.dir/Src/main.c.obj
 .debug_ranges  0x000006f8       0x10 CMakeFiles/gui_demo.elf.dir/Src/stm32f4xx_hal_msp.c.obj
 .debug_ranges  0x00000708       0x50 CMakeFiles/gui_demo.elf.dir/Src/stm32f4xx_it.c.obj
 .debug_ranges  0x00000758       0x18 CMakeFiles/gui_demo.elf.dir/Src/system_stm32f4xx.c.obj
 .debug_ranges  0x00000770       0x20 CMakeFiles/gui_demo.elf.dir/Startup/startup_stm32f429igtx.s.obj

.debug_line     0x00000000     0x712e
 .debug_line    0x00000000      0x5f3 CMakeFiles/gui_demo.elf.dir/Drivers/STM32F4xx_HAL_Driver/Src/stm32f4xx_hal.c.obj
 .debug_line    0x000005f3      0x7ce CMakeFiles/gui_demo.elf.dir/Drivers/STM32F4xx_HAL_Driver/Src/stm32f4xx_hal_cortex.c.obj
 .debug_line    0x00000dc1      0x72c CMakeFiles/gui_demo.elf.dir/Drivers/STM32F4xx_HAL_Driver/Src/stm32f4xx_hal_gpio.c.obj
 .debug_line    0x000014ed     0x19a0 CMakeFiles/gui_demo.elf.dir/Drivers/STM32F4xx_HAL_Driver/Src/stm32f4xx_hal_ltdc.c.obj
 .debug_line    0x00002e8d      0x508 CMakeFiles/gui_demo.elf.dir/Drivers/STM32F4xx_HAL_Driver/Src/stm32f4xx_hal_pwr_ex.c.obj
 .debug_line    0x00003395      0xb45 CMakeFiles/gui_demo.elf.dir/Drivers/STM32F4xx_HAL_Driver/Src/stm32f4xx_hal_rcc.c.obj
 .debug_line    0x00003eda      0x85f CMakeFiles/gui_demo.elf.dir/Drivers/STM32F4xx_HAL_Driver/Src/stm32f4xx_hal_rcc_ex.c.obj
 .debug_line    0x00004739      0xc31 CMakeFiles/gui_demo.elf.dir/Drivers/STM32F4xx_HAL_Driver/Src/stm32f4xx_hal_sdram.c.obj
 .debug_line    0x0000536a      0x8a7 CMakeFiles/gui_demo.elf.dir/Drivers/STM32F4xx_HAL_Driver/Src/stm32f4xx_ll_fmc.c.obj
 .debug_line    0x00005c11      0x460 CMakeFiles/gui_demo.elf.dir/Src/fmc.c.obj
 .debug_line    0x00006071      0x206 CMakeFiles/gui_demo.elf.dir/Src/gpio.c.obj
 .debug_line    0x00006277      0x4d7 CMakeFiles/gui_demo.elf.dir/Src/ltdc.c.obj
 .debug_line    0x0000674e      0x3ef CMakeFiles/gui_demo.elf.dir/Src/main.c.obj
 .debug_line    0x00006b3d      0x16b CMakeFiles/gui_demo.elf.dir/Src/stm32f4xx_hal_msp.c.obj
 .debug_line    0x00006ca8      0x1b2 CMakeFiles/gui_demo.elf.dir/Src/stm32f4xx_it.c.obj
 .debug_line    0x00006e5a      0x234 CMakeFiles/gui_demo.elf.dir/Src/system_stm32f4xx.c.obj
 .debug_line    0x0000708e       0xa0 CMakeFiles/gui_demo.elf.dir/Startup/startup_stm32f429igtx.s.obj

.debug_str      0x00000000     0x3275
 .debug_str     0x00000000      0xbdf CMakeFiles/gui_demo.elf.dir/Drivers/STM32F4xx_HAL_Driver/Src/stm32f4xx_hal.c.obj
                                0xc38 (size before relaxing)
 .debug_str     0x00000bdf      0x4d2 CMakeFiles/gui_demo.elf.dir/Drivers/STM32F4xx_HAL_Driver/Src/stm32f4xx_hal_cortex.c.obj
                                0xcbc (size before relaxing)
 .debug_str     0x000010b1      0x1fb CMakeFiles/gui_demo.elf.dir/Drivers/STM32F4xx_HAL_Driver/Src/stm32f4xx_hal_gpio.c.obj
                                0x51f (size before relaxing)
 .debug_str     0x000012ac      0x7a3 CMakeFiles/gui_demo.elf.dir/Drivers/STM32F4xx_HAL_Driver/Src/stm32f4xx_hal_ltdc.c.obj
                                0x9f4 (size before relaxing)
 .debug_str     0x00001a4f      0x181 CMakeFiles/gui_demo.elf.dir/Drivers/STM32F4xx_HAL_Driver/Src/stm32f4xx_hal_pwr_ex.c.obj
                                0x50a (size before relaxing)
 .debug_str     0x00001bd0      0x332 CMakeFiles/gui_demo.elf.dir/Drivers/STM32F4xx_HAL_Driver/Src/stm32f4xx_hal_rcc.c.obj
                                0x745 (size before relaxing)
 .debug_str     0x00001f02      0x230 CMakeFiles/gui_demo.elf.dir/Drivers/STM32F4xx_HAL_Driver/Src/stm32f4xx_hal_rcc_ex.c.obj
                                0x5af (size before relaxing)
 .debug_str     0x00002132      0x819 CMakeFiles/gui_demo.elf.dir/Drivers/STM32F4xx_HAL_Driver/Src/stm32f4xx_hal_sdram.c.obj
                                0xad4 (size before relaxing)
 .debug_str     0x0000294b      0x4e9 CMakeFiles/gui_demo.elf.dir/Drivers/STM32F4xx_HAL_Driver/Src/stm32f4xx_ll_fmc.c.obj
                                0x9e7 (size before relaxing)
 .debug_str     0x00002e34       0xec CMakeFiles/gui_demo.elf.dir/Src/fmc.c.obj
                                0x99f (size before relaxing)
 .debug_str     0x00002f20       0x38 CMakeFiles/gui_demo.elf.dir/Src/gpio.c.obj
                                0x378 (size before relaxing)
 .debug_str     0x00002f58      0x112 CMakeFiles/gui_demo.elf.dir/Src/ltdc.c.obj
                                0x8a3 (size before relaxing)
 .debug_str     0x0000306a       0x60 CMakeFiles/gui_demo.elf.dir/Src/main.c.obj
                                0x587 (size before relaxing)
 .debug_str     0x000030ca       0x38 CMakeFiles/gui_demo.elf.dir/Src/stm32f4xx_hal_msp.c.obj
                                0x2f5 (size before relaxing)
 .debug_str     0x00003102       0xc3 CMakeFiles/gui_demo.elf.dir/Src/stm32f4xx_it.c.obj
                                0x256 (size before relaxing)
 .debug_str     0x000031c5       0x62 CMakeFiles/gui_demo.elf.dir/Src/system_stm32f4xx.c.obj
                                0x35b (size before relaxing)
 .debug_str     0x00003227       0x4e CMakeFiles/gui_demo.elf.dir/Startup/startup_stm32f429igtx.s.obj
                                 0x80 (size before relaxing)

.comment        0x00000000       0x49
 .comment       0x00000000       0x49 CMakeFiles/gui_demo.elf.dir/Drivers/STM32F4xx_HAL_Driver/Src/stm32f4xx_hal.c.obj
                                 0x4a (size before relaxing)
 .comment       0x00000049       0x4a CMakeFiles/gui_demo.elf.dir/Drivers/STM32F4xx_HAL_Driver/Src/stm32f4xx_hal_cortex.c.obj
 .comment       0x00000049       0x4a CMakeFiles/gui_demo.elf.dir/Drivers/STM32F4xx_HAL_Driver/Src/stm32f4xx_hal_gpio.c.obj
 .comment       0x00000049       0x4a CMakeFiles/gui_demo.elf.dir/Drivers/STM32F4xx_HAL_Driver/Src/stm32f4xx_hal_ltdc.c.obj
 .comment       0x00000049       0x4a CMakeFiles/gui_demo.elf.dir/Drivers/STM32F4xx_HAL_Driver/Src/stm32f4xx_hal_pwr_ex.c.obj
 .comment       0x00000049       0x4a CMakeFiles/gui_demo.elf.dir/Drivers/STM32F4xx_HAL_Driver/Src/stm32f4xx_hal_rcc.c.obj
 .comment       0x00000049       0x4a CMakeFiles/gui_demo.elf.dir/Drivers/STM32F4xx_HAL_Driver/Src/stm32f4xx_hal_rcc_ex.c.obj
 .comment       0x00000049       0x4a CMakeFiles/gui_demo.elf.dir/Drivers/STM32F4xx_HAL_Driver/Src/stm32f4xx_hal_sdram.c.obj
 .comment       0x00000049       0x4a CMakeFiles/gui_demo.elf.dir/Drivers/STM32F4xx_HAL_Driver/Src/stm32f4xx_ll_fmc.c.obj
 .comment       0x00000049       0x4a CMakeFiles/gui_demo.elf.dir/Src/fmc.c.obj
 .comment       0x00000049       0x4a CMakeFiles/gui_demo.elf.dir/Src/gpio.c.obj
 .comment       0x00000049       0x4a CMakeFiles/gui_demo.elf.dir/Src/ltdc.c.obj
 .comment       0x00000049       0x4a CMakeFiles/gui_demo.elf.dir/Src/main.c.obj
 .comment       0x00000049       0x4a CMakeFiles/gui_demo.elf.dir/Src/stm32f4xx_hal_msp.c.obj
 .comment       0x00000049       0x4a CMakeFiles/gui_demo.elf.dir/Src/stm32f4xx_it.c.obj
 .comment       0x00000049       0x4a CMakeFiles/gui_demo.elf.dir/Src/system_stm32f4xx.c.obj

.debug_frame    0x00000000     0x14cc
 .debug_frame   0x00000000      0x20c CMakeFiles/gui_demo.elf.dir/Drivers/STM32F4xx_HAL_Driver/Src/stm32f4xx_hal.c.obj
 .debug_frame   0x0000020c      0x148 CMakeFiles/gui_demo.elf.dir/Drivers/STM32F4xx_HAL_Driver/Src/stm32f4xx_hal_cortex.c.obj
 .debug_frame   0x00000354       0xd8 CMakeFiles/gui_demo.elf.dir/Drivers/STM32F4xx_HAL_Driver/Src/stm32f4xx_hal_gpio.c.obj
 .debug_frame   0x0000042c      0x3a4 CMakeFiles/gui_demo.elf.dir/Drivers/STM32F4xx_HAL_Driver/Src/stm32f4xx_hal_ltdc.c.obj
 .debug_frame   0x000007d0       0xf4 CMakeFiles/gui_demo.elf.dir/Drivers/STM32F4xx_HAL_Driver/Src/stm32f4xx_hal_pwr_ex.c.obj
 .debug_frame   0x000008c4      0x16c CMakeFiles/gui_demo.elf.dir/Drivers/STM32F4xx_HAL_Driver/Src/stm32f4xx_hal_rcc.c.obj
 .debug_frame   0x00000a30       0xd8 CMakeFiles/gui_demo.elf.dir/Drivers/STM32F4xx_HAL_Driver/Src/stm32f4xx_hal_rcc_ex.c.obj
 .debug_frame   0x00000b08      0x268 CMakeFiles/gui_demo.elf.dir/Drivers/STM32F4xx_HAL_Driver/Src/stm32f4xx_hal_sdram.c.obj
 .debug_frame   0x00000d70      0x21c CMakeFiles/gui_demo.elf.dir/Drivers/STM32F4xx_HAL_Driver/Src/stm32f4xx_ll_fmc.c.obj
 .debug_frame   0x00000f8c       0xcc CMakeFiles/gui_demo.elf.dir/Src/fmc.c.obj
 .debug_frame   0x00001058       0x2c CMakeFiles/gui_demo.elf.dir/Src/gpio.c.obj
 .debug_frame   0x00001084       0x88 CMakeFiles/gui_demo.elf.dir/Src/ltdc.c.obj
 .debug_frame   0x0000110c       0x74 CMakeFiles/gui_demo.elf.dir/Src/main.c.obj
 .debug_frame   0x00001180       0x28 CMakeFiles/gui_demo.elf.dir/Src/stm32f4xx_hal_msp.c.obj
 .debug_frame   0x000011a8       0xa8 CMakeFiles/gui_demo.elf.dir/Src/stm32f4xx_it.c.obj
 .debug_frame   0x00001250       0x30 CMakeFiles/gui_demo.elf.dir/Src/system_stm32f4xx.c.obj
 .debug_frame   0x00001280       0x2c d:/embedded/gcc-arm-none-eabi/bin/../lib/gcc/arm-none-eabi/10.3.1/thumb/v7e-m/nofp\libgcc.a(_aeabi_uldivmod.o)
 .debug_frame   0x000012ac       0x34 d:/embedded/gcc-arm-none-eabi/bin/../lib/gcc/arm-none-eabi/10.3.1/thumb/v7e-m/nofp\libgcc.a(_udivmoddi4.o)
 .debug_frame   0x000012e0       0x2c d:/embedded/gcc-arm-none-eabi/bin/../lib/gcc/arm-none-eabi/10.3.1/../../../../arm-none-eabi/lib/thumb/v7e-m/nofp\libg.a(lib_a-init.o)
 .debug_frame   0x0000130c       0x2c d:/embedded/gcc-arm-none-eabi/bin/../lib/gcc/arm-none-eabi/10.3.1/../../../../arm-none-eabi/lib/thumb/v7e-m/nofp\libg.a(lib_a-memset.o)
 .debug_frame   0x00001338       0x5c d:/embedded/gcc-arm-none-eabi/bin/../lib/gcc/arm-none-eabi/10.3.1/../../../../arm-none-eabi/lib/thumb/v7e-m/nofp\libg.a(lib_a-__call_atexit.o)
 .debug_frame   0x00001394       0x20 d:/embedded/gcc-arm-none-eabi/bin/../lib/gcc/arm-none-eabi/10.3.1/../../../../arm-none-eabi/lib/thumb/v7e-m/nofp\libg.a(lib_a-atexit.o)
 .debug_frame   0x000013b4       0x34 d:/embedded/gcc-arm-none-eabi/bin/../lib/gcc/arm-none-eabi/10.3.1/../../../../arm-none-eabi/lib/thumb/v7e-m/nofp\libg.a(lib_a-fini.o)
 .debug_frame   0x000013e8       0xb0 d:/embedded/gcc-arm-none-eabi/bin/../lib/gcc/arm-none-eabi/10.3.1/../../../../arm-none-eabi/lib/thumb/v7e-m/nofp\libg.a(lib_a-lock.o)
 .debug_frame   0x00001498       0x34 d:/embedded/gcc-arm-none-eabi/bin/../lib/gcc/arm-none-eabi/10.3.1/../../../../arm-none-eabi/lib/thumb/v7e-m/nofp\libg.a(lib_a-__atexit.o)
